../Core/Src/main.c:85:6:Flash_Erase	56	static
../Core/Src/main.c:130:9:IsValidApplication	16	static
../Core/Src/main.c:158:6:JumpToApplication	32	static,ignoring_inline_asm
../Core/Src/main.c:201:6:Flash_Write_Buffered	48	static
../Core/Src/main.c:223:6:Flash_Write_Flush	24	static
../Core/Src/main.c:240:6:HAL_CAN_RxFifo0MsgPendingCallback	16	static
../Core/Src/main.c:282:5:main	8	static
../Core/Src/main.c:334:6:SystemClock_Config	88	static
../Core/Src/main.c:389:13:MX_CAN1_Init	48	static
../Core/Src/main.c:437:13:MX_USART2_UART_Init	8	static
../Core/Src/main.c:470:13:MX_GPIO_Init	48	static
../Core/Src/main.c:512:6:Error_Handler	4	static,ignoring_inline_asm
